return (src/ch.usi.inf.nodeprof.test/js/minitests/fib2.js:18:9:18:18) val returns 1
