return (src/ch.usi.inf.nodeprof.test/js/minitests/emptyReturn.js:17:5:17:12) val returns undefined
