(src/ch.usi.inf.nodeprof.test/js/minitests/foo.js:{{:program}}) FunctionLiteral [Function (anonymous)]
(src/ch.usi.inf.nodeprof.test/js/minitests/foo.js:1:1:2:2) FunctionLiteral [Function: foo]
