{ value: 'Crash', done: false }
{ value: undefined, done: true }
