[Arguments] { '0': 'bar' }
[Arguments] { '0': 42, '1': 'baz' }
