0
[Object: null prototype] {}
undefined
null
abc
Symbol(t)
true
