[i] builtin used Promise
[i] builtin used Promise
[i] invoking (src/ch.usi.inf.nodeprof.test/js/minitests/builtin.js:16:9:21:2) Promise
[i] builtin used Promise
[i] invoking (src/ch.usi.inf.nodeprof.test/js/minitests/builtin.js:19:5:19:16) 
[i] invoking (src/ch.usi.inf.nodeprof.test/js/minitests/builtin.js:22:1:22:28) then
[i] builtin used Promise.prototype.then
[i] builtin used Promise
[i] invoking (src/ch.usi.inf.nodeprof.test/js/minitests/builtin.js:22:13:22:27) log
10
