unary (src/ch.usi.inf.nodeprof.test/js/minitests/delete.js:17:1:17:13) delete object
delete key: x
